<html>
<body>
<pre>
<h1>µVision Build Log</h1>
<h2>Project:</h2>
C:\Users\infin\Desktop\Mohamedsaied\TI_projects\GPIO_Intro\gpio_intro.uvproj
Project File Date:  05/09/2020

<h2>Output:</h2>
Rebuild target 'Target 1'
assembling startup_TM4C123.s...
compiling main.c...
main.c(71): warning:  #1-D: last line of file ends without a newline
  }
main.c: 1 warning, 0 errors
linking...
Program Size: Code=664 RO-data=636 RW-data=0 ZI-data=608  
".\gpio_intro.axf" - 0 Error(s), 1 Warning(s).
Load "C:\\Users\\infin\\Desktop\\Mohamedsaied\\TI_projects\\GPIO_Intro\\gpio_intro.axf" 
Connecting: Mode=JTAG, Speed=1000000Hz
Erase Done.
Programming Done.
Verify OK.
</pre>
</body>
</html>
sktop\\Mohamedsaied\\TI_projects\\GPIO_Intro\\gpio_intro.axf" 
Connecting: Mode=JTAG, Speed=1000000Hz
Erase Done.
Programming Done.
Verify OK.
